// Vitest Snapshot v1, https://vitest.dev/guide/snapshot.html

exports[`Visual Component Snapshot Regression Suite > matches visual snapshot for ActionButton variants 1`] = `
<div>
  <div>
    <button
      aria-label="NORMAL"
      style="flex: 1 1 0%; padding: 9px 12px; background: transparent; border: 1px solid rgba(245, 166, 35, 0.4); color: rgb(245, 166, 35); cursor: pointer; opacity: 1; font-family: var(--font-ibm-plex-mono), monospace; font-size: 10px; font-weight: 600; letter-spacing: 0.06em; transition: all 0.15s; outline-offset: 2px;"
    >
      NORMAL
    </button>
    <button
      aria-disabled="true"
      aria-label="DISABLED"
      disabled=""
      style="flex: 1 1 0%; padding: 9px 12px; background: transparent; border: 1px solid rgba(102, 187, 106, 0.4); color: rgb(102, 187, 106); cursor: not-allowed; opacity: 0.45; font-family: var(--font-ibm-plex-mono), monospace; font-size: 10px; font-weight: 600; letter-spacing: 0.06em; transition: all 0.15s; outline-offset: 2px;"
    >
      DISABLED
    </button>
    <button
      aria-busy="true"
      aria-disabled="true"
      aria-label="BUSY"
      disabled=""
      style="flex: 1 1 0%; padding: 9px 12px; background: transparent; border: 1px solid rgba(79, 195, 247, 0.4); color: rgb(79, 195, 247); cursor: not-allowed; opacity: 1; font-family: var(--font-ibm-plex-mono), monospace; font-size: 10px; font-weight: 600; letter-spacing: 0.06em; transition: all 0.15s; outline-offset: 2px;"
    >
      SUBMITTING…
    </button>
  </div>
</div>
`;

exports[`Visual Component Snapshot Regression Suite > matches visual snapshot for Badge across all statuses 1`] = `
<div>
  <div>
    <span
      style="font-family: var(--font-ibm-plex-mono), monospace; font-size: 10px; font-weight: 600; letter-spacing: 0.08em; padding: 2px 8px; border-radius: 2px; color: rgb(245, 166, 35); background: rgba(245, 166, 35, 0.12); border: 1px solid rgba(245, 166, 35, 0.267); white-space: nowrap;"
    >
      PENDING
    </span>
    <span
      style="font-family: var(--font-ibm-plex-mono), monospace; font-size: 10px; font-weight: 600; letter-spacing: 0.08em; padding: 2px 8px; border-radius: 2px; color: rgb(79, 195, 247); background: rgba(79, 195, 247, 0.12); border: 1px solid rgba(79, 195, 247, 0.267); white-space: nowrap;"
    >
      PROCESSING
    </span>
    <span
      style="font-family: var(--font-ibm-plex-mono), monospace; font-size: 10px; font-weight: 600; letter-spacing: 0.08em; padding: 2px 8px; border-radius: 2px; color: rgb(102, 187, 106); background: rgba(102, 187, 106, 0.12); border: 1px solid rgba(102, 187, 106, 0.267); white-space: nowrap;"
    >
      COMPLETED
    </span>
    <span
      style="font-family: var(--font-ibm-plex-mono), monospace; font-size: 10px; font-weight: 600; letter-spacing: 0.08em; padding: 2px 8px; border-radius: 2px; color: rgb(239, 83, 80); background: rgba(239, 83, 80, 0.12); border: 1px solid rgba(239, 83, 80, 0.267); white-space: nowrap;"
    >
      FAILED
    </span>
  </div>
</div>
`;

exports[`Visual Component Snapshot Regression Suite > matches visual snapshot for Field with error state 1`] = `
<div>
  <div>
    <label
      for="_r_0_"
      style="display: block; font-size: 9px; color: rgba(255, 255, 255, 0.35); font-family: var(--font-ibm-plex-mono), monospace; margin-bottom: 4px; letter-spacing: 0.05em;"
    >
      Address
    </label>
    <input
      aria-describedby="_r_0_-error"
      aria-invalid="true"
      id="_r_0_"
      style="width: 100%; background: rgb(26, 30, 38); border: 1px solid rgb(224, 108, 117); color: rgb(238, 238, 238); font-family: var(--font-ibm-plex-mono), monospace; font-size: 11px; padding: 7px 10px; outline: none; transition: border-color 0.15s, box-shadow 0.15s; box-sizing: border-box;"
      type="text"
      value="GBZ..."
    />
    <div
      id="_r_0_-error"
      role="alert"
      style="font-size: 9px; color: rgb(224, 108, 117); font-family: var(--font-ibm-plex-mono), monospace; margin-top: 4px;"
    >
      Invalid address
    </div>
  </div>
</div>
`;

exports[`Visual Component Snapshot Regression Suite > matches visual snapshot for Panel container 1`] = `
<div>
  <div
    style="background: rgb(20, 23, 29); border: 1px solid rgba(245, 166, 35, 0.15); padding: 16px 18px; position: relative; overflow: hidden;"
  >
    <div
      style="font-size: 9px; letter-spacing: 0.14em; color: rgba(255, 255, 255, 0.35); font-family: var(--font-ibm-plex-mono), monospace; margin-bottom: 12px;"
    >
      TEST PANEL
    </div>
    <div>
      Panel content body
    </div>
  </div>
</div>
`;
